C'EST AU BLANCS
COUP 1

     a     b     c     d     e     f     g     h    
  +-----+-----+-----+-----+-----+-----+-----+-----+
8 |  ♜  |  ♞  |  ♝  |  ♛  |  ♚  |  ♝  |  ♞  |  ♜  |
  +-----+-----+-----+-----+-----+-----+-----+-----+
7 |  ♟  |  ♟  |  ♟  |  ♟  |  ♟  |  ♟  |  ♟  |  ♟  |
  +-----+-----+-----+-----+-----+-----+-----+-----+
6 |     |     |     |     |     |     |     |     |
  +-----+-----+-----+-----+-----+-----+-----+-----+
5 |     |     |     |     |     |     |     |     |
  +-----+-----+-----+-----+-----+-----+-----+-----+
4 |     |     |     |     |     |     |     |     |
  +-----+-----+-----+-----+-----+-----+-----+-----+
3 |     |     |     |     |     |     |     |     |
  +-----+-----+-----+-----+-----+-----+-----+-----+
2 |  ♙  |  ♙  |  ♙  |  ♙  |  ♙  |  ♙  |  ♙  |  ♙  |
  +-----+-----+-----+-----+-----+-----+-----+-----+
1 |  ♖  |  ♘  |  ♗  |  ♕  |  ♔  |  ♗  |  ♘  |  ♖  |
  +-----+-----+-----+-----+-----+-----+-----+-----+
Coup (eg. a1a8) ? pas d'echec pour le roi
pas de menace pour le roi
1

     a     b     c     d     e     f     g     h    
  +-----+-----+-----+-----+-----+-----+-----+-----+
8 |  ♜  |  ♞  |  ♝  |  ♛  |  ♚  |  ♝  |  ♞  |  ♜  |
  +-----+-----+-----+-----+-----+-----+-----+-----+
7 |  ♟  |  ♟  |  ♟  |  ♟  |  ♟  |  ♟  |  ♟  |  ♟  |
  +-----+-----+-----+-----+-----+-----+-----+-----+
6 |     |     |     |     |     |     |     |     |
  +-----+-----+-----+-----+-----+-----+-----+-----+
5 |     |     |     |     |     |     |     |     |
  +-----+-----+-----+-----+-----+-----+-----+-----+
4 |     |     |     |     |  ♙  |     |     |     |
  +-----+-----+-----+-----+-----+-----+-----+-----+
3 |     |     |     |     |     |     |     |     |
  +-----+-----+-----+-----+-----+-----+-----+-----+
2 |  ♙  |  ♙  |  ♙  |  ♙  |     |  ♙  |  ♙  |  ♙  |
  +-----+-----+-----+-----+-----+-----+-----+-----+
1 |  ♖  |  ♘  |  ♗  |  ♕  |  ♔  |  ♗  |  ♘  |  ♖  |
  +-----+-----+-----+-----+-----+-----+-----+-----+
COUP 2
Coup (eg. a1a8) ? pas d'echec pour le roi
menace pour le roi
0

     a     b     c     d     e     f     g     h    
  +-----+-----+-----+-----+-----+-----+-----+-----+
8 |  ♜  |  ♞  |  ♝  |  ♛  |  ♚  |  ♝  |  ♞  |  ♜  |
  +-----+-----+-----+-----+-----+-----+-----+-----+
7 |  ♟  |  ♟  |  ♟  |  ♟  |     |  ♟  |  ♟  |  ♟  |
  +-----+-----+-----+-----+-----+-----+-----+-----+
6 |     |     |     |     |     |     |     |     |
  +-----+-----+-----+-----+-----+-----+-----+-----+
5 |     |     |     |     |  ♟  |     |     |     |
  +-----+-----+-----+-----+-----+-----+-----+-----+
4 |     |     |     |     |  ♙  |     |     |     |
  +-----+-----+-----+-----+-----+-----+-----+-----+
3 |     |     |     |     |     |     |     |     |
  +-----+-----+-----+-----+-----+-----+-----+-----+
2 |  ♙  |  ♙  |  ♙  |  ♙  |     |  ♙  |  ♙  |  ♙  |
  +-----+-----+-----+-----+-----+-----+-----+-----+
1 |  ♖  |  ♘  |  ♗  |  ♕  |  ♔  |  ♗  |  ♘  |  ♖  |
  +-----+-----+-----+-----+-----+-----+-----+-----+
COUP 3
Coup (eg. a1a8) ? pas d'echec pour le roi
pas de menace pour le roi
1

     a     b     c     d     e     f     g     h    
  +-----+-----+-----+-----+-----+-----+-----+-----+
8 |  ♜  |  ♞  |  ♝  |  ♛  |  ♚  |  ♝  |  ♞  |  ♜  |
  +-----+-----+-----+-----+-----+-----+-----+-----+
7 |  ♟  |  ♟  |  ♟  |  ♟  |     |  ♟  |  ♟  |  ♟  |
  +-----+-----+-----+-----+-----+-----+-----+-----+
6 |     |     |     |     |     |     |     |     |
  +-----+-----+-----+-----+-----+-----+-----+-----+
5 |     |     |     |     |  ♟  |     |     |     |
  +-----+-----+-----+-----+-----+-----+-----+-----+
4 |     |     |  ♗  |     |  ♙  |     |     |     |
  +-----+-----+-----+-----+-----+-----+-----+-----+
3 |     |     |     |     |     |     |     |     |
  +-----+-----+-----+-----+-----+-----+-----+-----+
2 |  ♙  |  ♙  |  ♙  |  ♙  |     |  ♙  |  ♙  |  ♙  |
  +-----+-----+-----+-----+-----+-----+-----+-----+
1 |  ♖  |  ♘  |  ♗  |  ♕  |  ♔  |     |  ♘  |  ♖  |
  +-----+-----+-----+-----+-----+-----+-----+-----+
COUP 4
Coup (eg. a1a8) ? Des pieces sont présentes entre le roi et la tour:
Petit roque impossible

     a     b     c     d     e     f     g     h    
  +-----+-----+-----+-----+-----+-----+-----+-----+
8 |  ♜  |  ♞  |  ♝  |  ♛  |  ♚  |  ♝  |  ♞  |  ♜  |
  +-----+-----+-----+-----+-----+-----+-----+-----+
7 |  ♟  |  ♟  |  ♟  |  ♟  |     |  ♟  |  ♟  |  ♟  |
  +-----+-----+-----+-----+-----+-----+-----+-----+
6 |     |     |     |     |     |     |     |     |
  +-----+-----+-----+-----+-----+-----+-----+-----+
5 |     |     |     |     |  ♟  |     |     |     |
  +-----+-----+-----+-----+-----+-----+-----+-----+
4 |     |     |  ♗  |     |  ♙  |     |     |     |
  +-----+-----+-----+-----+-----+-----+-----+-----+
3 |     |     |     |     |     |     |     |     |
  +-----+-----+-----+-----+-----+-----+-----+-----+
2 |  ♙  |  ♙  |  ♙  |  ♙  |     |  ♙  |  ♙  |  ♙  |
  +-----+-----+-----+-----+-----+-----+-----+-----+
1 |  ♖  |  ♘  |  ♗  |  ♕  |  ♔  |     |  ♘  |  ♖  |
  +-----+-----+-----+-----+-----+-----+-----+-----+
COUP 5
Coup (eg. a1a8) ? pas d'echec pour le roi
menace pour le roi
0

     a     b     c     d     e     f     g     h    
  +-----+-----+-----+-----+-----+-----+-----+-----+
8 |  ♜  |  ♞  |  ♝  |  ♛  |  ♚  |  ♝  |     |  ♜  |
  +-----+-----+-----+-----+-----+-----+-----+-----+
7 |  ♟  |  ♟  |  ♟  |  ♟  |     |  ♟  |  ♟  |  ♟  |
  +-----+-----+-----+-----+-----+-----+-----+-----+
6 |     |     |     |     |     |  ♞  |     |     |
  +-----+-----+-----+-----+-----+-----+-----+-----+
5 |     |     |     |     |  ♟  |     |     |     |
  +-----+-----+-----+-----+-----+-----+-----+-----+
4 |     |     |  ♗  |     |  ♙  |     |     |     |
  +-----+-----+-----+-----+-----+-----+-----+-----+
3 |     |     |     |     |     |     |     |     |
  +-----+-----+-----+-----+-----+-----+-----+-----+
2 |  ♙  |  ♙  |  ♙  |  ♙  |     |  ♙  |  ♙  |  ♙  |
  +-----+-----+-----+-----+-----+-----+-----+-----+
1 |  ♖  |  ♘  |  ♗  |  ♕  |  ♔  |     |  ♘  |  ♖  |
  +-----+-----+-----+-----+-----+-----+-----+-----+
COUP 6
Coup (eg. a1a8) ? Des pieces sont présentes entre le roi et la tour:
Petit roque impossible

     a     b     c     d     e     f     g     h    
  +-----+-----+-----+-----+-----+-----+-----+-----+
8 |  ♜  |  ♞  |  ♝  |  ♛  |  ♚  |  ♝  |     |  ♜  |
  +-----+-----+-----+-----+-----+-----+-----+-----+
7 |  ♟  |  ♟  |  ♟  |  ♟  |     |  ♟  |  ♟  |  ♟  |
  +-----+-----+-----+-----+-----+-----+-----+-----+
6 |     |     |     |     |     |  ♞  |     |     |
  +-----+-----+-----+-----+-----+-----+-----+-----+
5 |     |     |     |     |  ♟  |     |     |     |
  +-----+-----+-----+-----+-----+-----+-----+-----+
4 |     |     |  ♗  |     |  ♙  |     |     |     |
  +-----+-----+-----+-----+-----+-----+-----+-----+
3 |     |     |     |     |     |     |     |     |
  +-----+-----+-----+-----+-----+-----+-----+-----+
2 |  ♙  |  ♙  |  ♙  |  ♙  |     |  ♙  |  ♙  |  ♙  |
  +-----+-----+-----+-----+-----+-----+-----+-----+
1 |  ♖  |  ♘  |  ♗  |  ♕  |  ♔  |     |  ♘  |  ♖  |
  +-----+-----+-----+-----+-----+-----+-----+-----+
COUP 7
Coup (eg. a1a8) ? pas d'echec pour le roi
pas de menace pour le roi
1

     a     b     c     d     e     f     g     h    
  +-----+-----+-----+-----+-----+-----+-----+-----+
8 |  ♜  |  ♞  |  ♝  |  ♛  |  ♚  |  ♝  |     |  ♜  |
  +-----+-----+-----+-----+-----+-----+-----+-----+
7 |  ♟  |  ♟  |  ♟  |  ♟  |     |  ♟  |  ♟  |  ♟  |
  +-----+-----+-----+-----+-----+-----+-----+-----+
6 |     |     |     |     |     |  ♞  |     |     |
  +-----+-----+-----+-----+-----+-----+-----+-----+
5 |     |     |     |     |  ♟  |     |     |     |
  +-----+-----+-----+-----+-----+-----+-----+-----+
4 |     |     |  ♗  |     |  ♙  |     |     |     |
  +-----+-----+-----+-----+-----+-----+-----+-----+
3 |     |     |     |     |     |  ♘  |     |     |
  +-----+-----+-----+-----+-----+-----+-----+-----+
2 |  ♙  |  ♙  |  ♙  |  ♙  |     |  ♙  |  ♙  |  ♙  |
  +-----+-----+-----+-----+-----+-----+-----+-----+
1 |  ♖  |  ♘  |  ♗  |  ♕  |  ♔  |     |     |  ♖  |
  +-----+-----+-----+-----+-----+-----+-----+-----+
COUP 8
Coup (eg. a1a8) ? pas d'echec pour le roi
menace pour le roi
0

     a     b     c     d     e     f     g     h    
  +-----+-----+-----+-----+-----+-----+-----+-----+
8 |  ♜  |  ♞  |  ♝  |  ♛  |  ♚  |     |     |  ♜  |
  +-----+-----+-----+-----+-----+-----+-----+-----+
7 |  ♟  |  ♟  |  ♟  |  ♟  |     |  ♟  |  ♟  |  ♟  |
  +-----+-----+-----+-----+-----+-----+-----+-----+
6 |     |     |     |     |     |  ♞  |     |     |
  +-----+-----+-----+-----+-----+-----+-----+-----+
5 |     |     |     |     |  ♟  |     |     |     |
  +-----+-----+-----+-----+-----+-----+-----+-----+
4 |     |  ♝  |  ♗  |     |  ♙  |     |     |     |
  +-----+-----+-----+-----+-----+-----+-----+-----+
3 |     |     |     |     |     |  ♘  |     |     |
  +-----+-----+-----+-----+-----+-----+-----+-----+
2 |  ♙  |  ♙  |  ♙  |  ♙  |     |  ♙  |  ♙  |  ♙  |
  +-----+-----+-----+-----+-----+-----+-----+-----+
1 |  ♖  |  ♘  |  ♗  |  ♕  |  ♔  |     |     |  ♖  |
  +-----+-----+-----+-----+-----+-----+-----+-----+
COUP 9
Coup (eg. a1a8) ? 
     a     b     c     d     e     f     g     h    
  +-----+-----+-----+-----+-----+-----+-----+-----+
8 |  ♜  |  ♞  |  ♝  |  ♛  |  ♚  |     |     |  ♜  |
  +-----+-----+-----+-----+-----+-----+-----+-----+
7 |  ♟  |  ♟  |  ♟  |  ♟  |     |  ♟  |  ♟  |  ♟  |
  +-----+-----+-----+-----+-----+-----+-----+-----+
6 |     |     |     |     |     |  ♞  |     |     |
  +-----+-----+-----+-----+-----+-----+-----+-----+
5 |     |     |     |     |  ♟  |     |     |     |
  +-----+-----+-----+-----+-----+-----+-----+-----+
4 |     |  ♝  |  ♗  |     |  ♙  |     |     |     |
  +-----+-----+-----+-----+-----+-----+-----+-----+
3 |     |     |     |     |     |  ♘  |     |     |
  +-----+-----+-----+-----+-----+-----+-----+-----+
2 |  ♙  |  ♙  |  ♙  |  ♙  |     |  ♙  |  ♙  |  ♙  |
  +-----+-----+-----+-----+-----+-----+-----+-----+
1 |  ♖  |  ♘  |  ♗  |  ♕  |     |  ♖  |  ♔  |     |
  +-----+-----+-----+-----+-----+-----+-----+-----+
COUP 10
Coup (eg. a1a8) ? pas d'echec pour le roi
menace pour le roi
0

     a     b     c     d     e     f     g     h    
  +-----+-----+-----+-----+-----+-----+-----+-----+
8 |  ♜  |  ♞  |  ♝  |  ♛  |     |     |     |  ♜  |
  +-----+-----+-----+-----+-----+-----+-----+-----+
7 |  ♟  |  ♟  |  ♟  |  ♟  |  ♚  |  ♟  |  ♟  |  ♟  |
  +-----+-----+-----+-----+-----+-----+-----+-----+
6 |     |     |     |     |     |  ♞  |     |     |
  +-----+-----+-----+-----+-----+-----+-----+-----+
5 |     |     |     |     |  ♟  |     |     |     |
  +-----+-----+-----+-----+-----+-----+-----+-----+
4 |     |  ♝  |  ♗  |     |  ♙  |     |     |     |
  +-----+-----+-----+-----+-----+-----+-----+-----+
3 |     |     |     |     |     |  ♘  |     |     |
  +-----+-----+-----+-----+-----+-----+-----+-----+
2 |  ♙  |  ♙  |  ♙  |  ♙  |     |  ♙  |  ♙  |  ♙  |
  +-----+-----+-----+-----+-----+-----+-----+-----+
1 |  ♖  |  ♘  |  ♗  |  ♕  |     |  ♖  |  ♔  |     |
  +-----+-----+-----+-----+-----+-----+-----+-----+
COUP 11
Coup (eg. a1a8) ? pas d'echec pour le roi
pas de menace pour le roi
1

     a     b     c     d     e     f     g     h    
  +-----+-----+-----+-----+-----+-----+-----+-----+
8 |  ♜  |  ♞  |  ♝  |  ♛  |     |     |     |  ♜  |
  +-----+-----+-----+-----+-----+-----+-----+-----+
7 |  ♟  |  ♟  |  ♟  |  ♟  |  ♚  |  ♟  |  ♟  |  ♟  |
  +-----+-----+-----+-----+-----+-----+-----+-----+
6 |     |     |     |     |     |  ♞  |     |     |
  +-----+-----+-----+-----+-----+-----+-----+-----+
5 |     |     |     |     |  ♟  |     |     |     |
  +-----+-----+-----+-----+-----+-----+-----+-----+
4 |     |  ♝  |  ♗  |     |  ♙  |     |     |     |
  +-----+-----+-----+-----+-----+-----+-----+-----+
3 |  ♙  |     |     |     |     |  ♘  |     |     |
  +-----+-----+-----+-----+-----+-----+-----+-----+
2 |     |  ♙  |  ♙  |  ♙  |     |  ♙  |  ♙  |  ♙  |
  +-----+-----+-----+-----+-----+-----+-----+-----+
1 |  ♖  |  ♘  |  ♗  |  ♕  |     |  ♖  |  ♔  |     |
  +-----+-----+-----+-----+-----+-----+-----+-----+
COUP 12
Coup (eg. a1a8) ? roi ou tour déja deplacé

     a     b     c     d     e     f     g     h    
  +-----+-----+-----+-----+-----+-----+-----+-----+
8 |  ♜  |  ♞  |  ♝  |  ♛  |     |     |     |  ♜  |
  +-----+-----+-----+-----+-----+-----+-----+-----+
7 |  ♟  |  ♟  |  ♟  |  ♟  |  ♚  |  ♟  |  ♟  |  ♟  |
  +-----+-----+-----+-----+-----+-----+-----+-----+
6 |     |     |     |     |     |  ♞  |     |     |
  +-----+-----+-----+-----+-----+-----+-----+-----+
5 |     |     |     |     |  ♟  |     |     |     |
  +-----+-----+-----+-----+-----+-----+-----+-----+
4 |     |  ♝  |  ♗  |     |  ♙  |     |     |     |
  +-----+-----+-----+-----+-----+-----+-----+-----+
3 |  ♙  |     |     |     |     |  ♘  |     |     |
  +-----+-----+-----+-----+-----+-----+-----+-----+
2 |     |  ♙  |  ♙  |  ♙  |     |  ♙  |  ♙  |  ♙  |
  +-----+-----+-----+-----+-----+-----+-----+-----+
1 |  ♖  |  ♘  |  ♗  |  ♕  |     |  ♖  |  ♔  |     |
  +-----+-----+-----+-----+-----+-----+-----+-----+
COUP 13
Coup (eg. a1a8) ? pas d'echec pour le roi
menace pour le roi
0

     a     b     c     d     e     f     g     h    
  +-----+-----+-----+-----+-----+-----+-----+-----+
8 |  ♜  |  ♞  |  ♝  |  ♛  |  ♚  |     |     |  ♜  |
  +-----+-----+-----+-----+-----+-----+-----+-----+
7 |  ♟  |  ♟  |  ♟  |  ♟  |     |  ♟  |  ♟  |  ♟  |
  +-----+-----+-----+-----+-----+-----+-----+-----+
6 |     |     |     |     |     |  ♞  |     |     |
  +-----+-----+-----+-----+-----+-----+-----+-----+
5 |     |     |     |     |  ♟  |     |     |     |
  +-----+-----+-----+-----+-----+-----+-----+-----+
4 |     |  ♝  |  ♗  |     |  ♙  |     |     |     |
  +-----+-----+-----+-----+-----+-----+-----+-----+
3 |  ♙  |     |     |     |     |  ♘  |     |     |
  +-----+-----+-----+-----+-----+-----+-----+-----+
2 |     |  ♙  |  ♙  |  ♙  |     |  ♙  |  ♙  |  ♙  |
  +-----+-----+-----+-----+-----+-----+-----+-----+
1 |  ♖  |  ♘  |  ♗  |  ♕  |     |  ♖  |  ♔  |     |
  +-----+-----+-----+-----+-----+-----+-----+-----+
COUP 14
Coup (eg. a1a8) ? pas d'echec pour le roi
pas de menace pour le roi
1

     a     b     c     d     e     f     g     h    
  +-----+-----+-----+-----+-----+-----+-----+-----+
8 |  ♜  |  ♞  |  ♝  |  ♛  |  ♚  |     |     |  ♜  |
  +-----+-----+-----+-----+-----+-----+-----+-----+
7 |  ♟  |  ♟  |  ♟  |  ♟  |     |  ♟  |  ♟  |  ♟  |
  +-----+-----+-----+-----+-----+-----+-----+-----+
6 |     |     |     |     |     |  ♞  |     |     |
  +-----+-----+-----+-----+-----+-----+-----+-----+
5 |     |     |     |     |  ♟  |     |     |     |
  +-----+-----+-----+-----+-----+-----+-----+-----+
4 |     |  ♙  |  ♗  |     |  ♙  |     |     |     |
  +-----+-----+-----+-----+-----+-----+-----+-----+
3 |     |     |     |     |     |  ♘  |     |     |
  +-----+-----+-----+-----+-----+-----+-----+-----+
2 |     |  ♙  |  ♙  |  ♙  |     |  ♙  |  ♙  |  ♙  |
  +-----+-----+-----+-----+-----+-----+-----+-----+
1 |  ♖  |  ♘  |  ♗  |  ♕  |     |  ♖  |  ♔  |     |
  +-----+-----+-----+-----+-----+-----+-----+-----+
COUP 15
Coup (eg. a1a8) ? roi ou tour déja deplacé

     a     b     c     d     e     f     g     h    
  +-----+-----+-----+-----+-----+-----+-----+-----+
8 |  ♜  |  ♞  |  ♝  |  ♛  |  ♚  |     |     |  ♜  |
  +-----+-----+-----+-----+-----+-----+-----+-----+
7 |  ♟  |  ♟  |  ♟  |  ♟  |     |  ♟  |  ♟  |  ♟  |
  +-----+-----+-----+-----+-----+-----+-----+-----+
6 |     |     |     |     |     |  ♞  |     |     |
  +-----+-----+-----+-----+-----+-----+-----+-----+
5 |     |     |     |     |  ♟  |     |     |     |
  +-----+-----+-----+-----+-----+-----+-----+-----+
4 |     |  ♙  |  ♗  |     |  ♙  |     |     |     |
  +-----+-----+-----+-----+-----+-----+-----+-----+
3 |     |     |     |     |     |  ♘  |     |     |
  +-----+-----+-----+-----+-----+-----+-----+-----+
2 |     |  ♙  |  ♙  |  ♙  |     |  ♙  |  ♙  |  ♙  |
  +-----+-----+-----+-----+-----+-----+-----+-----+
1 |  ♖  |  ♘  |  ♗  |  ♕  |     |  ♖  |  ♔  |     |
  +-----+-----+-----+-----+-----+-----+-----+-----+
COUP 16
Coup (eg. a1a8) ? pas d'echec pour le roi
menace pour le roi
0

     a     b     c     d     e     f     g     h    
  +-----+-----+-----+-----+-----+-----+-----+-----+
8 |  ♜  |  ♞  |  ♝  |  ♛  |  ♚  |     |     |  ♜  |
  +-----+-----+-----+-----+-----+-----+-----+-----+
7 |  ♟  |  ♟  |  ♟  |  ♟  |     |  ♟  |  ♟  |     |
  +-----+-----+-----+-----+-----+-----+-----+-----+
6 |     |     |     |     |     |  ♞  |     |  ♟  |
  +-----+-----+-----+-----+-----+-----+-----+-----+
5 |     |     |     |     |  ♟  |     |     |     |
  +-----+-----+-----+-----+-----+-----+-----+-----+
4 |     |  ♙  |  ♗  |     |  ♙  |     |     |     |
  +-----+-----+-----+-----+-----+-----+-----+-----+
3 |     |     |     |     |     |  ♘  |     |     |
  +-----+-----+-----+-----+-----+-----+-----+-----+
2 |     |  ♙  |  ♙  |  ♙  |     |  ♙  |  ♙  |  ♙  |
  +-----+-----+-----+-----+-----+-----+-----+-----+
1 |  ♖  |  ♘  |  ♗  |  ♕  |     |  ♖  |  ♔  |     |
  +-----+-----+-----+-----+-----+-----+-----+-----+
COUP 17
Coup (eg. a1a8) ? COUP 17
